// Jest Snapshot v1, https://goo.gl/fbAQLP

exports[`generate-app-links should generate each app link with the urlencoded RSS url 1`] = `
Array [
  Object {
    "includeProtocol": false,
    "name": "Apple Podcasts",
    "template": "podcast://{url}",
    "trackingId": "apple-podcasts",
    "url": "podcast://acast.access/rss/ft-news/&£@1234",
  },
  Object {
    "includeProtocol": true,
    "name": "Overcast",
    "template": "overcast://x-callback-url/add?url={url}",
    "trackingId": "overcast",
    "url": "overcast://x-callback-url/add?url=https://acast.access/rss/ft-news/&£@1234",
  },
  Object {
    "includeProtocol": false,
    "name": "Pocket Casts",
    "template": "pktc://subscribe/{url}",
    "trackingId": "pocket-casts",
    "url": "pktc://subscribe/acast.access/rss/ft-news/&£@1234",
  },
  Object {
    "includeProtocol": false,
    "name": "Podcast Addict",
    "template": "podcastaddict://{url}",
    "trackingId": "podcast-addict",
    "url": "podcastaddict://acast.access/rss/ft-news/&£@1234",
  },
  Object {
    "includeProtocol": true,
    "name": "Acast",
    "template": "acast://subscribe/{url}",
    "trackingId": "acast",
    "url": "acast://subscribe/https://acast.access/rss/ft-news/&£@1234",
  },
]
`;
