// Jest Snapshot v1, https://goo.gl/fbAQLP

exports[`generate-app-links should generate each app link with the urlencoded RSS url 1`] = `
Array [
  Object {
    "name": "Apple Podcasts",
    "template": "podcast://{url}",
    "trackingId": "apple-podcasts",
    "url": "podcast://http://acast.access/rss/ft-news/&£@1234",
  },
  Object {
    "name": "Overcast",
    "template": "overcast://x-callback-url/add?url={url}",
    "trackingId": "overcast",
    "url": "overcast://x-callback-url/add?url=http://acast.access/rss/ft-news/&£@1234",
  },
  Object {
    "name": "Pocket Casts",
    "template": "pktc://subscribe/{url}",
    "trackingId": "pocket-casts",
    "url": "pktc://subscribe/http://acast.access/rss/ft-news/&£@1234",
  },
  Object {
    "name": "Podcast Addict",
    "template": "podcastaddict://{url}",
    "trackingId": "podcast-addict",
    "url": "podcastaddict://http://acast.access/rss/ft-news/&£@1234",
  },
  Object {
    "name": "Acast",
    "template": "acast://subscribe/https://{url}",
    "trackingId": "acast",
    "url": "acast://subscribe/https://http://acast.access/rss/ft-news/&£@1234",
  },
]
`;
