// Jest Snapshot v1, https://goo.gl/fbAQLP

exports[`Timeline given error is false should display necessary components if loading is false 1`] = `
<div
  className="audio-player__timeline"
>
  <ScrubBar
    duration={600}
    onChange={[Function]}
    onFinishScrub={[Function]}
    onStartScrub={[Function]}
    playheadPosition={0}
  />
  <div
    className="audio-player__info__current-time"
  >
    00:00
  </div>
  <TimeRemaining
    currentTime={0}
    duration={600}
    expanded={true}
  />
</div>
`;
